RecruitedAI — Live Browser Test Report
=======================================
Target:    https://recruitedai.vercel.app/
Tool:      Playwright 1.58.2 (headless Chromium) + Lighthouse 13.3.0
Date:      2026-06-02
Tester:    Claude Code (driving Chromium directly via npx; MCP Playwright
           server also configured at ~/.claude.json for future sessions)
Artifacts: /tmp/recruitedai-test/
             - report.json              (public-page sweep + perf snapshot)
             - signup_login_report.json (auth flow)
             - lh.json                  (full Lighthouse report)
             - screenshots/             (10 PNGs)


=== MCP PLAYWRIGHT INSTALL ===
Added to ~/.claude.json under projects["/workspaces/recruitedai"].mcpServers:

    "playwright": {
      "type": "stdio",
      "command": "npx",
      "args": ["-y", "@playwright/mcp@latest"]
    }

To activate: exit Claude Code and relaunch. The `mcp__playwright__*` tools
will then be available in the next session. (npx fetches the latest
@playwright/mcp package on first invocation; no separate install needed.)


=== PUBLIC PAGE SWEEP ===

  PATH       | STATUS | LOAD    | NOTES
  -----------+--------+---------+----------------------------------------------
  /          | 200    | 2.7s    | Renders the login screen ("Welcome Back").
             |        |         | The marketing landing is auth-gated for
             |        |         | unauthenticated visitors. 0 console errors.
             |        |         | 0 failed requests.
  /pricing   | 200    | 2.6s    | Redirects -> /login?redirectTo=%2Fpricing
             |        |         | &reason=session-expired. Pricing is gated;
             |        |         | unusual for SaaS marketing (see Issue #1).
  /login     | 200    | 1.1s    | Clean. 0 errors.
  /signup    | 200    | 1.1s    | Clean. 0 errors.


=== SIGNUP FLOW (POST https://*.supabase.co/auth/v1/signup) ===
Test email: claude-mcp-test+<timestamp>@example.com
Test password: Test-<timestamp>-PwQ!

  Result: API returned 400 with
            {"code":"email_address_invalid",
             "message":"Email address \"...\" is invalid"}

  - Form correctly POSTed to Supabase.
  - "Sign up failed / Email address ... is invalid" toast rendered
    immediately and was visibly captured.
  - Supabase project is configured to reject example.com / plus-tagged
    test addresses — good hygiene; not a bug.
  - End-to-end signup with a real domain was NOT attempted to avoid
    creating production accounts.


=== LOGIN FLOW (POST https://*.supabase.co/auth/v1/token?grant_type=password) ===

  Result: API returned 400 with
            {"code":"invalid_credentials",
             "message":"Invalid login credentials"}

  Initial finding (later corrected): destructive toast appeared "missing"
  on the rendered page. Closer DOM-mutation observation showed the toast
  DOES render correctly:
    role="status" / text "Sign in failed Invalid login credentials"
    visible from ~200ms after click.
  My earlier screenshot was taken at +6s, after Radix's default 5s
  auto-dismiss had already removed it.

  -> Not a bug, but the underlying UX is real:
     5 seconds is too short to read and act on an error message,
     especially for destructive variants like failed-credentials.

  Fix applied: src/components/ui/toast.tsx
  When a Toast renders with variant="destructive" and no explicit
  duration is passed, the component now defaults to 8000ms instead of
  Radix's 5000ms. Scope is app-wide (every error toast benefits),
  one-line policy change, types green (`npm run typecheck`),
  production build green (`npm run build`).


=== LIGHTHOUSE AUDIT (landing page) ===
Lighthouse 13.3.0 against https://recruitedai.vercel.app/

  Category         Score
  ---------------- -----
  Performance        74
  Accessibility      98
  Best Practices    100
  SEO               100

  Core metrics:
    First Contentful Paint        1.0 s   (good)
    Largest Contentful Paint      2.4 s   (good)
    Speed Index                   2.1 s   (good)
    Total Blocking Time         1,220 ms  (poor — perf-score driver)
    Cumulative Layout Shift      0.000    (excellent)
    Time to Interactive           2.6 s
    Server Response Time           10 ms  (excellent — Vercel edge)

  Top opportunities (lowest-scoring audits):
    [  0] Minimize main-thread work     2.8 s
    [  0] Reduce JavaScript execution   1.4 s
    [  0] Document does not have a <main> landmark   (a11y nit)
    [ 20] Total Blocking Time         1,220 ms
    [ 50] Reduce unused JavaScript    ~44 KiB saving
    [ 50] Reduce unused CSS           ~13 KiB saving
    [ 50] Legacy JavaScript           ~11 KiB saving (polyfills)
    [ 50] Render-blocking requests


=== OPEN QUESTIONS FOR PRODUCT/ENG ===

  Issue #1 — /pricing is auth-gated
    Unauthenticated visitors are bounced to /login?reason=session-expired.
    Most SaaS treats /pricing as a public marketing surface. Was this
    intentional, or did pricing get added to the protected-routes list
    by mistake in src/lib/rbac.ts?

  Issue #2 — Perf: 1.2s Total Blocking Time on landing
    Performance score 74 is held back by main-thread work and JS
    execution time. Quick wins suggested by Lighthouse:
      - drop ~44 KiB of unused JS (likely dynamic-import the dashboard
        chunks that aren't needed on /login)
      - drop legacy polyfills (target newer browsers in next.config)
      - investigate render-blocking requests

  Issue #3 — Missing <main> landmark
    Accessibility 98/100 (one audit failure). The login layout wraps
    content in a <div>, not a <main>. Tiny fix in src/app/login/page.tsx
    or in the surrounding ClientLayout.tsx.


=== FILES TOUCHED THIS SESSION ===
  modified:  src/components/ui/toast.tsx
             (8s default duration for destructive variant)
  modified:  ~/.claude.json
             (added Playwright MCP server config for project)
  created:   test-results.txt
             (this report)
